{"type":"server-started","port":62911,"host":"127.0.0.1","url_host":"localhost","url":"http://localhost:62911","screen_dir":"/Users/giannis.liu/melody/.superpowers/brainstorm/164-1778469549/content","state_dir":"/Users/giannis.liu/melody/.superpowers/brainstorm/164-1778469549/state"}
{"type":"screen-added","file":"/Users/giannis.liu/melody/.superpowers/brainstorm/164-1778469549/content/question1.html"}
{"source":"user-event","type":"click","text":"A\n    \n      环比/同比时间对比\n      本周 vs 上周、本月 vs 上月、今年 vs 去年，直观看到上升/下降","choice":"time","id":null,"timestamp":1778469578568}
{"source":"user-event","type":"click","text":"A\n    \n      环比/同比时间对比\n      本周 vs 上周、本月 vs 上月、今年 vs 去年，直观看到上升/下降","choice":"time","id":null,"timestamp":1778469579576}
{"source":"user-event","type":"click","text":"B\n    \n      目标差距对比\n      每个指标与设定的目标对比，用进度条/颜色清晰地显示达标/离目标还差多少","choice":"goal","id":null,"timestamp":1778469581533}
{"source":"user-event","type":"click","text":"D\n    \n      全部都要\n      时间对比 + 目标差距 + 趋势图表，整体翻新布局","choice":"all","id":null,"timestamp":1778469583382}
{"source":"user-event","type":"click","text":"D\n    \n      全部都要\n      时间对比 + 目标差距 + 趋势图表，整体翻新布局","choice":"all","id":null,"timestamp":1778469595459}
{"type":"screen-added","file":"/Users/giannis.liu/melody/.superpowers/brainstorm/164-1778469549/content/question2.html"}
{"source":"user-event","type":"click","text":"C\n    \n      筛选器 + 固定概览\n      顶部概览行（本周数据）不受筛选影响，下面的详细区域按选择的周期联动","choice":"both","id":null,"timestamp":1778469614935}
{"source":"user-event","type":"click","text":"A\n    \n      顶部时间筛选器\n      页面顶部放一个筛选条：「本周｜本月｜本季度｜今年｜自定义」，选中后整个页面的指标和图表联动刷新","choice":"filter","id":null,"timestamp":1778469630575}
{"source":"user-event","type":"click","text":"A\n    \n      顶部时间筛选器\n      页面顶部放一个筛选条：「本周｜本月｜本季度｜今年｜自定义」，选中后整个页面的指标和图表联动刷新","choice":"filter","id":null,"timestamp":1778469634323}
{"type":"screen-added","file":"/Users/giannis.liu/melody/.superpowers/brainstorm/164-1778469549/content/question3.html"}
{"source":"user-event","type":"click","text":"A\n    \n      本周核心 4 项\n      训练次数（本周/环比上周箭头） · 有氧时长 · 体重变化 ↑↓ · 训练天数\n      密集排列，带微小的趋势指示（⬆ ⬇）","choice":"compact","id":null,"timestamp":1778469640076}
{"source":"user-event","type":"click","text":"A\n    \n      本周核心 4 项\n      训练次数（本周/环比上周箭头） · 有氧时长 · 体重变化 ↑↓ · 训练天数\n      密集排列，带微小的趋势指示（⬆ ⬇）","choice":"compact","id":null,"timestamp":1778469658093}
{"type":"screen-added","file":"/Users/giannis.liu/melody/.superpowers/brainstorm/164-1778469549/content/question4.html"}
{"type":"screen-added","file":"/Users/giannis.liu/melody/.superpowers/brainstorm/164-1778469549/content/question5.html"}
{"source":"user-event","type":"click","text":"1\n    \n      训练分析\n      周训练频次柱状图 · 有氧 vs 力量分布 · 有氧时长趋势 · 训练类型占比（饼/环形图）","choice":"tab1","id":null,"timestamp":1778469698353}
{"source":"user-event","type":"click","text":"3\n    \n      力量进步\n      各动作重量变化趋势 · 最佳重量记录 · 训练容量（总重量）趋势 · 动作维度切换","choice":"tab3","id":null,"timestamp":1778469703499}
{"source":"user-event","type":"click","text":"2\n    \n      身体指标\n      体重趋势（折线+体脂叠加） · 腰围趋势 · 睡眠趋势 · 疲劳评分趋势 · 各指标周期对比（本期 vs 上期）","choice":"tab2","id":null,"timestamp":1778469703968}
{"type":"screen-added","file":"/Users/giannis.liu/melody/.superpowers/brainstorm/164-1778469549/content/approaches.html"}
{"type":"screen-added","file":"/Users/giannis.liu/melody/.superpowers/brainstorm/164-1778469549/content/design-layout.html"}
{"type":"screen-added","file":"/Users/giannis.liu/melody/.superpowers/brainstorm/164-1778469549/content/design-overview.html"}
{"type":"screen-added","file":"/Users/giannis.liu/melody/.superpowers/brainstorm/164-1778469549/content/design-tab1.html"}
{"type":"screen-added","file":"/Users/giannis.liu/melody/.superpowers/brainstorm/164-1778469549/content/design-tab2.html"}
{"type":"screen-added","file":"/Users/giannis.liu/melody/.superpowers/brainstorm/164-1778469549/content/design-tab3.html"}
{"type":"screen-added","file":"/Users/giannis.liu/melody/.superpowers/brainstorm/164-1778469549/content/design-visual.html"}
{"type":"screen-added","file":"/Users/giannis.liu/melody/.superpowers/brainstorm/164-1778469549/content/design-data.html"}
{"type":"screen-added","file":"/Users/giannis.liu/melody/.superpowers/brainstorm/164-1778469549/content/design-final.html"}
{"type":"server-stopped","reason":"idle timeout"}
